============================= test session starts ==============================
platform darwin -- Python 3.13.5, pytest-9.0.2, pluggy-1.5.0 -- /opt/miniconda3/bin/python3.13
cachedir: .pytest_cache
rootdir: /Users/miuyanhong/VScodeWorkSpace/regexExpress
collecting ... collected 216 items

test_regex_validators.py::test_valid_military_time_midnight PASSED       [  0%]
test_regex_validators.py::test_valid_military_time_noon PASSED           [  0%]
test_regex_validators.py::test_valid_military_time_morning PASSED        [  1%]
test_regex_validators.py::test_valid_military_time_afternoon PASSED      [  1%]
test_regex_validators.py::test_valid_military_time_late_night PASSED     [  2%]
test_regex_validators.py::test_valid_military_time_early_morning PASSED  [  2%]
test_regex_validators.py::test_valid_military_time_twenty_three_hundred PASSED [  3%]
test_regex_validators.py::test_valid_military_time_ten_hundred PASSED    [  3%]
test_regex_validators.py::test_invalid_military_time_with_colon PASSED   [  4%]
test_regex_validators.py::test_invalid_military_time_hour_24 PASSED      [  4%]
test_regex_validators.py::test_invalid_military_time_hour_25 PASSED      [  5%]
test_regex_validators.py::test_invalid_military_time_minutes_60 PASSED   [  5%]
test_regex_validators.py::test_invalid_military_time_minutes_99 PASSED   [  6%]
test_regex_validators.py::test_invalid_military_time_three_digits PASSED [  6%]
test_regex_validators.py::test_invalid_military_time_five_digits PASSED  [  6%]
test_regex_validators.py::test_invalid_military_time_letters PASSED      [  7%]
test_regex_validators.py::test_valid_currency_simple PASSED              [  7%]
test_regex_validators.py::test_valid_currency_with_comma PASSED          [  8%]
test_regex_validators.py::test_valid_currency_large PASSED               [  8%]
test_regex_validators.py::test_valid_currency_single_digit PASSED        [  9%]
test_regex_validators.py::test_valid_currency_two_digits PASSED          [  9%]
test_regex_validators.py::test_valid_currency_three_digits PASSED        [ 10%]
test_regex_validators.py::test_valid_currency_pennies PASSED             [ 10%]
test_regex_validators.py::test_valid_currency_multiple_commas PASSED     [ 11%]
test_regex_validators.py::test_invalid_currency_no_dollar_sign PASSED    [ 11%]
test_regex_validators.py::test_invalid_currency_no_cents PASSED          [ 12%]
test_regex_validators.py::test_invalid_currency_one_cent_digit PASSED    [ 12%]
test_regex_validators.py::test_invalid_currency_three_cent_digits PASSED [ 12%]
test_regex_validators.py::test_invalid_currency_comma_wrong_position PASSED [ 13%]
test_regex_validators.py::test_invalid_currency_comma_at_start PASSED    [ 13%]
test_regex_validators.py::test_invalid_currency_no_decimal PASSED        [ 14%]
test_regex_validators.py::test_invalid_currency_letters PASSED           [ 14%]
test_regex_validators.py::test_valid_url_simple PASSED                   [ 15%]
test_regex_validators.py::test_valid_url_with_http PASSED                [ 15%]
test_regex_validators.py::test_valid_url_with_https PASSED               [ 16%]
test_regex_validators.py::test_valid_url_with_www PASSED                 [ 16%]
test_regex_validators.py::test_valid_url_with_subdomain PASSED           [ 17%]
test_regex_validators.py::test_valid_url_with_path PASSED                [ 17%]
test_regex_validators.py::test_valid_url_complete PASSED                 [ 18%]
test_regex_validators.py::test_valid_url_two_letter_tld PASSED           [ 18%]
test_regex_validators.py::test_invalid_url_no_tld PASSED                 [ 18%]
test_regex_validators.py::test_invalid_url_starts_with_dot PASSED        [ 19%]
test_regex_validators.py::test_invalid_url_ends_with_dot PASSED          [ 19%]
test_regex_validators.py::test_invalid_url_double_dot PASSED             [ 20%]
test_regex_validators.py::test_invalid_url_space PASSED                  [ 20%]
test_regex_validators.py::test_invalid_url_only_protocol PASSED          [ 21%]
test_regex_validators.py::test_invalid_url_wrong_protocol PASSED         [ 21%]
test_regex_validators.py::test_invalid_url_one_letter_tld PASSED         [ 22%]
test_regex_validators.py::test_valid_ssn_with_dashes PASSED              [ 22%]
test_regex_validators.py::test_valid_ssn_with_spaces PASSED              [ 23%]
test_regex_validators.py::test_valid_ssn_no_separators PASSED            [ 23%]
test_regex_validators.py::test_valid_ssn_zeros PASSED                    [ 24%]
test_regex_validators.py::test_valid_ssn_all_nines PASSED                [ 24%]
test_regex_validators.py::test_valid_ssn_spaces_no_leading_zeros PASSED  [ 25%]
test_regex_validators.py::test_valid_ssn_dashes_middle_range PASSED      [ 25%]
test_regex_validators.py::test_valid_ssn_no_separator_varied PASSED      [ 25%]
test_regex_validators.py::test_invalid_ssn_too_short PASSED              [ 26%]
test_regex_validators.py::test_invalid_ssn_too_long PASSED               [ 26%]
test_regex_validators.py::test_invalid_ssn_wrong_grouping PASSED         [ 27%]
test_regex_validators.py::test_invalid_ssn_mixed_separators PASSED       [ 27%]
test_regex_validators.py::test_invalid_ssn_letters PASSED                [ 28%]
test_regex_validators.py::test_invalid_ssn_special_chars PASSED          [ 28%]
test_regex_validators.py::test_invalid_ssn_only_dashes PASSED            [ 29%]
test_regex_validators.py::test_invalid_ssn_extra_dash PASSED             [ 29%]
test_regex_validators.py::test_valid_phone_with_parens_dash PASSED       [ 30%]
test_regex_validators.py::test_valid_phone_all_dashes PASSED             [ 30%]
test_regex_validators.py::test_valid_phone_no_separators PASSED          [ 31%]
test_regex_validators.py::test_valid_phone_with_spaces PASSED            [ 31%]
test_regex_validators.py::test_valid_phone_parens_space PASSED           [ 31%]
test_regex_validators.py::test_valid_phone_parens_no_dash PASSED         [ 32%]
test_regex_validators.py::test_valid_phone_all_zeros PASSED              [ 32%]
test_regex_validators.py::test_valid_phone_high_numbers PASSED           [ 33%]
test_regex_validators.py::test_invalid_phone_too_short PASSED            [ 33%]
test_regex_validators.py::test_invalid_phone_too_long PASSED             [ 34%]
test_regex_validators.py::test_invalid_phone_missing_closing_paren PASSED [ 34%]
test_regex_validators.py::test_invalid_phone_wrong_separator PASSED      [ 35%]
test_regex_validators.py::test_invalid_phone_letters PASSED              [ 35%]
test_regex_validators.py::test_invalid_phone_only_area_code PASSED       [ 36%]
test_regex_validators.py::test_invalid_phone_mixed_formats PASSED        [ 36%]
test_regex_validators.py::test_invalid_phone_extra_dash PASSED           [ 37%]
test_regex_validators.py::test_valid_email_simple PASSED                 [ 37%]
test_regex_validators.py::test_valid_email_subdomain PASSED              [ 37%]
test_regex_validators.py::test_valid_email_with_dot PASSED               [ 38%]
test_regex_validators.py::test_valid_email_with_underscore PASSED        [ 38%]
test_regex_validators.py::test_valid_email_with_dash PASSED              [ 39%]
test_regex_validators.py::test_valid_email_numbers PASSED                [ 39%]
test_regex_validators.py::test_valid_email_long_tld PASSED               [ 40%]
test_regex_validators.py::test_valid_email_two_letter_tld PASSED         [ 40%]
test_regex_validators.py::test_invalid_email_no_at PASSED                [ 41%]
test_regex_validators.py::test_invalid_email_no_domain PASSED            [ 41%]
test_regex_validators.py::test_invalid_email_no_tld PASSED               [ 42%]
test_regex_validators.py::test_invalid_email_double_at PASSED            [ 42%]
test_regex_validators.py::test_invalid_email_space PASSED                [ 43%]
test_regex_validators.py::test_invalid_email_no_local PASSED             [ 43%]
test_regex_validators.py::test_invalid_email_one_letter_tld PASSED       [ 43%]
test_regex_validators.py::test_invalid_email_special_char PASSED         [ 44%]
test_regex_validators.py::test_valid_roster_name_no_middle PASSED        [ 44%]
test_regex_validators.py::test_valid_roster_name_one_initial PASSED      [ 45%]
test_regex_validators.py::test_valid_roster_name_one_initial_with_dot PASSED [ 45%]
test_regex_validators.py::test_valid_roster_name_two_initials PASSED     [ 46%]
test_regex_validators.py::test_valid_roster_name_three_initials PASSED   [ 46%]
test_regex_validators.py::test_valid_roster_name_with_hyphen PASSED      [ 47%]
test_regex_validators.py::test_valid_roster_name_with_apostrophe PASSED  [ 47%]
test_regex_validators.py::test_valid_roster_name_hyphen_and_initial PASSED [ 48%]
test_regex_validators.py::test_invalid_roster_name_no_comma PASSED       [ 48%]
test_regex_validators.py::test_invalid_roster_name_no_space_after_comma PASSED [ 49%]
test_regex_validators.py::test_invalid_roster_name_lowercase_last PASSED [ 49%]
test_regex_validators.py::test_invalid_roster_name_lowercase_initial PASSED [ 50%]
test_regex_validators.py::test_invalid_roster_name_four_initials PASSED  [ 50%]
test_regex_validators.py::test_invalid_roster_name_number PASSED         [ 50%]
test_regex_validators.py::test_invalid_roster_name_extra_space PASSED    [ 51%]
test_regex_validators.py::test_invalid_roster_name_missing_first PASSED  [ 51%]
test_regex_validators.py::test_valid_address_street_abbreviated PASSED   [ 52%]
test_regex_validators.py::test_valid_address_street_full PASSED          [ 52%]
test_regex_validators.py::test_valid_address_road_abbreviated PASSED     [ 53%]
test_regex_validators.py::test_valid_address_road_full PASSED            [ 53%]
test_regex_validators.py::test_valid_address_blvd_abbreviated PASSED     [ 54%]
test_regex_validators.py::test_valid_address_blvd_full PASSED            [ 54%]
test_regex_validators.py::test_valid_address_ave_abbreviated PASSED      [ 55%]
test_regex_validators.py::test_valid_address_ave_full PASSED             [ 55%]
test_regex_validators.py::test_invalid_address_no_number PASSED          [ 56%]
test_regex_validators.py::test_invalid_address_no_street_type PASSED     [ 56%]
test_regex_validators.py::test_invalid_address_wrong_type PASSED         [ 56%]
test_regex_validators.py::test_invalid_address_only_number PASSED        [ 57%]
test_regex_validators.py::test_invalid_address_special_char PASSED       [ 57%]
test_regex_validators.py::test_invalid_address_no_space PASSED           [ 58%]
test_regex_validators.py::test_invalid_address_multiple_spaces PASSED    [ 58%]
test_regex_validators.py::test_invalid_address_trailing_space PASSED     [ 59%]
test_regex_validators.py::test_valid_city_state_zip_basic PASSED         [ 59%]
test_regex_validators.py::test_valid_city_state_zip_extended PASSED      [ 60%]
test_regex_validators.py::test_valid_city_state_zip_two_word_city PASSED [ 60%]
test_regex_validators.py::test_valid_city_state_zip_three_word_city PASSED [ 61%]
test_regex_validators.py::test_valid_city_state_zip_lacey PASSED         [ 61%]
test_regex_validators.py::test_valid_city_state_zip_extended_lacey PASSED [ 62%]
test_regex_validators.py::test_valid_city_state_zip_different_state PASSED [ 62%]
test_regex_validators.py::test_valid_city_state_zip_texas PASSED         [ 62%]
test_regex_validators.py::test_invalid_city_state_zip_no_comma PASSED    [ 63%]
test_regex_validators.py::test_invalid_city_state_zip_no_space_after_comma PASSED [ 63%]
test_regex_validators.py::test_invalid_city_state_zip_lowercase_state PASSED [ 64%]
test_regex_validators.py::test_invalid_city_state_zip_three_letter_state PASSED [ 64%]
test_regex_validators.py::test_invalid_city_state_zip_four_digit_zip PASSED [ 65%]
test_regex_validators.py::test_invalid_city_state_zip_six_digit_zip PASSED [ 65%]
test_regex_validators.py::test_invalid_city_state_zip_wrong_extended_format PASSED [ 66%]
test_regex_validators.py::test_invalid_city_state_zip_no_space_before_zip PASSED [ 66%]
test_regex_validators.py::test_valid_date_leap_year PASSED               [ 67%]
test_regex_validators.py::test_valid_date_christmas PASSED               [ 67%]
test_regex_validators.py::test_valid_date_slash_separator PASSED         [ 68%]
test_regex_validators.py::test_valid_date_jan_first PASSED               [ 68%]
test_regex_validators.py::test_valid_date_dec_last PASSED                [ 68%]
test_regex_validators.py::test_valid_date_single_digit_month PASSED      [ 69%]
test_regex_validators.py::test_valid_date_single_digit_day PASSED        [ 69%]
test_regex_validators.py::test_valid_date_leap_year_2000 PASSED          [ 70%]
test_regex_validators.py::test_invalid_date_feb_30 PASSED                [ 70%]
test_regex_validators.py::test_invalid_date_april_31 PASSED              [ 71%]
test_regex_validators.py::test_invalid_date_leap_year_non_leap PASSED    [ 71%]
test_regex_validators.py::test_invalid_date_month_13 PASSED              [ 72%]
test_regex_validators.py::test_invalid_date_month_0 PASSED               [ 72%]
test_regex_validators.py::test_invalid_date_day_0 PASSED                 [ 73%]
test_regex_validators.py::test_invalid_date_mixed_separators PASSED      [ 73%]
test_regex_validators.py::test_invalid_date_year_1900_not_leap PASSED    [ 74%]
test_regex_validators.py::test_valid_password_basic PASSED               [ 74%]
test_regex_validators.py::test_valid_password_all_requirements PASSED    [ 75%]
test_regex_validators.py::test_valid_password_exactly_three_consecutive PASSED [ 75%]
test_regex_validators.py::test_valid_password_mixed_case_digits PASSED   [ 75%]
test_regex_validators.py::test_valid_password_long PASSED                [ 76%]
test_regex_validators.py::test_valid_password_min_length PASSED          [ 76%]
test_regex_validators.py::test_valid_password_multiple_punctuation PASSED [ 77%]
test_regex_validators.py::test_valid_password_no_consecutive_lowercase PASSED [ 77%]
test_regex_validators.py::test_invalid_password_too_short PASSED         [ 78%]
test_regex_validators.py::test_invalid_password_no_uppercase PASSED      [ 78%]
test_regex_validators.py::test_invalid_password_no_lowercase PASSED      [ 79%]
test_regex_validators.py::test_invalid_password_no_digit PASSED          [ 79%]
test_regex_validators.py::test_invalid_password_no_punctuation PASSED    [ 80%]
test_regex_validators.py::test_invalid_password_four_consecutive_lowercase PASSED [ 80%]
test_regex_validators.py::test_invalid_password_all_lowercase PASSED     [ 81%]
test_regex_validators.py::test_invalid_password_only_nine_chars PASSED   [ 81%]
test_regex_validators.py::test_valid_ion_word_ion PASSED                 [ 81%]
test_regex_validators.py::test_valid_ion_word_union PASSED               [ 82%]
test_regex_validators.py::test_valid_ion_word_onion PASSED               [ 82%]
test_regex_validators.py::test_valid_ion_word_champion_odd PASSED        [ 83%]
test_regex_validators.py::test_valid_ion_word_opinion PASSED             [ 83%]
test_regex_validators.py::test_valid_ion_word_lion PASSED                [ 84%]
test_regex_validators.py::test_valid_ion_word_million PASSED             [ 84%]
test_regex_validators.py::test_valid_ion_word_pavilion PASSED            [ 85%]
test_regex_validators.py::test_invalid_ion_word_action PASSED            [ 85%]
test_regex_validators.py::test_invalid_ion_word_region PASSED            [ 86%]
test_regex_validators.py::test_invalid_ion_word_nation PASSED            [ 86%]
test_regex_validators.py::test_invalid_ion_word_passion PASSED           [ 87%]
test_regex_validators.py::test_invalid_ion_word_session PASSED           [ 87%]
test_regex_validators.py::test_invalid_ion_word_not_ending_ion PASSED    [ 87%]
test_regex_validators.py::test_invalid_ion_word_ions PASSED              [ 88%]
test_regex_validators.py::test_invalid_ion_word_location PASSED          [ 88%]
test_regex_validators.py::test_ec_ssn_valid_standard PASSED              [ 89%]
test_regex_validators.py::test_ec_ssn_invalid_area_000 PASSED            [ 89%]
test_regex_validators.py::test_ec_ssn_invalid_area_666 PASSED            [ 90%]
test_regex_validators.py::test_ec_ssn_invalid_area_900 PASSED            [ 90%]
test_regex_validators.py::test_ec_ssn_invalid_area_999 PASSED            [ 91%]
test_regex_validators.py::test_ec_ssn_invalid_group_00 PASSED            [ 91%]
test_regex_validators.py::test_ec_ssn_invalid_serial_0000 PASSED         [ 92%]
test_regex_validators.py::test_ec_ssn_valid_edge_899 PASSED              [ 92%]
test_regex_validators.py::test_ec_phone_valid_area_code_253 PASSED       [ 93%]
test_regex_validators.py::test_ec_phone_valid_area_code_206 PASSED       [ 93%]
test_regex_validators.py::test_ec_phone_valid_area_code_425 PASSED       [ 93%]
test_regex_validators.py::test_ec_phone_invalid_area_code_000 PASSED     [ 94%]
test_regex_validators.py::test_ec_phone_invalid_area_code_111 PASSED     [ 94%]
test_regex_validators.py::test_ec_phone_invalid_area_code_999 PASSED     [ 95%]
test_regex_validators.py::test_ec_phone_valid_area_code_212 PASSED       [ 95%]
test_regex_validators.py::test_ec_phone_valid_area_code_800 PASSED       [ 96%]
test_regex_validators.py::test_ec_state_valid_wa PASSED                  [ 96%]
test_regex_validators.py::test_ec_state_valid_ca PASSED                  [ 97%]
test_regex_validators.py::test_ec_state_valid_ny PASSED                  [ 97%]
test_regex_validators.py::test_ec_state_valid_dc PASSED                  [ 98%]
test_regex_validators.py::test_ec_state_invalid_zz PASSED                [ 98%]
test_regex_validators.py::test_ec_state_invalid_xx PASSED                [ 99%]
test_regex_validators.py::test_ec_state_invalid_aa PASSED                [ 99%]
test_regex_validators.py::test_ec_state_valid_all_50_states PASSED       [100%]

============================= 216 passed in 0.35s ==============================
